[('Berlin', 'D', 'B', 3575000, 523.0, 132.0), ('Hamburg', 'D', 'HH', 1810000, 533.0, 100.0), ('Koeln', 'D', 'NRW', 1061000, 509.0, 69.0), ('Muenchen', 'D', 'BAY', 1450000, 481.0, 113.0)]
[('Hokkaido', '', 78523.0, 0.0, 0.0), ('Ikaria', 'Suedliche_Sporaden', 255.0, 26.1, 37.3), ('Jamaika', 'Grosse_Antillen', 10991.0, -77.3, 18.1), ('Kaenguruhinsel', None, 4350.0, 137.0, -36.0), ('Kauai', 'Hawaii_Inseln', 1422.0, -159.3, 22.0), ('Korsika', None, 8681.0, 9.0, 42.0), ('Lefkas', 'Ionische_Inseln', 293.0, 20.3, 38.5), ('Madagaskar', 'Madagaskar', 587041.0, 46.0, -20.0), ('Molokai', 'Hawaii_Inseln', 676.0, -157.0, 21.1), ('Neukaledonien', 'Neukaledonien', 19103.0, 165.0, -19.5)]
[('Aconcagua', 'Anden', 6962.0, None, -70.0, -32.5), ('Baghe_Bala', 'Sagrosgebirge', 3775.0, None, None, None), ('Bahraseman', 'Sagrosgebirge', 3886.0, None, None, None), ('Bjelucha', 'Altai', 4506.0, 1933, 86.4, 49.48), ('Borah_Peak', 'Rocky_Mountains', 3861.0, None, -114.0, 44.1), ('Boundary_Peak', 'Sierra_Nevada', 4006.0, None, -118.3, 37.5), ('Cathkin-Peak', 'Drakensberge', 3181.0, None, 29.3, -29.2), ('Cerro_Tlaloc', 'Trans-Mexican_Volcanic_Be', 4150.0, None, None, None), ('Chimborazo', 'Anden', 6287.0, None, -78.5, -1.2), ('Cofre_de_Perote', '', 4282.0, None, None, None), ('Damavand', 'Elburs', 5671.0, None, 35.56, 52.08), ('Djalaspitze', 'Sudirmangebirge', 4884.0, None, 137.0, -4.0), ('Djebel_Marra', 'Darfur', 3042.0, None, 24.6, 13.0), ('Emi_Kussi', 'Tibesti', 3445.0, None, 18.5, 20.0), ('Fuji-Yama', 'Japanische_Alpen', 3776.0, None, 139.0, 35.0), ('Gannett_Peak', 'Rocky_Mountains', 4207.0, None, -110.0, 43.2), ('Granite_Peak', 'Rocky_Mountains', 3901.0, None, -109.5, 45.0), ('Grossglockner', 'Ost-Alpen', 3797.0, None, 12.5, 47.0), ('Hotaka-Dake', 'Hidagebirge', 3190.0, None, 138.0, 36.0), ('Huascaran', 'Anden', 6768.0, None, -77.3, -9.0), ('Humphreys_Peak', 'San_Francisco_Mountains', 3850.0, None, -112.0, 35.4), ('Illampu', 'Anden', 6368.0, None, -68.5, -15.2), ('Iztaccihuatl', None, 5326.0, None, None, None), ('Kamerunberg', 'Adamaua', 4040.0, None, 9.0, 4.0), ('Kasbek', 'Kaukasus', 5033.0, 1868, 44.31, 42.42), ('Mount-Kenya-Massiv', 'Aberdaregebirge', 5199.0, None, 7.4, 0.0), ('Kilimandscharo', 'Usambara', 5895.0, None, 37.0, -3.0), ('Kinabalu', 'Crocker-Gebirge', 4101.0, None, 117.0, 7.0), ('Kings_Peak', 'Wasatch_Mountains', 4123.0, None, -110.4, 40.5), ('La_Malinche', None, 4460.0, None, None, None), ('Gunung Leuser', 'Bindjai', 3404.0, None, 98.0, 3.0), ('Llullaillaco', 'Anden', 6740.0, None, -68.0, -24.5), ('Mauna_Kea', None, 4205.0, None, -155.3, 19.5), ('Meru', 'Himalaya', 6660.0, None, 6.8, -3.2), ('Montblanc', 'West-Alpen', 4807.0, 1786, 6.0, 45.0), ('Mount_Everest', 'Himalaya', 8848.0, 1953, 87.0, 28.0), ('K2', 'Himalaya', 8611.0, 1954, 77.0, 36.0), ('Mount_Morrison', 'Chungyang Shanmo', 3731.0, None, 121.0, 23.0), ('Mt_Aylmer', 'Rocky_Mountains', 3162.0, None, -115.4, 51.4), ('Mt_Elbert', 'Rocky_Mountains', 4401.0, None, -106.3, 39.0), ('Mt_Hood', 'Rocky_Mountains', 3429.0, None, -121.5, 45.2), ('Mt_McKinley', 'Alaska_Range', 6190.0, None, -152.0, 62.0), ('Mt_Rainier', 'Cascade_Range', 4392.0, None, -122.0, 46.5), ('Mt_Robson', 'Rocky_Mountains', 3954.0, None, -119.1, 52.3), ('Mt_Whitney', 'Sierra_Nevada', 4418.0, None, -118.2, 36.4), ('Nevado_de_Colima', None, 4330.0, None, None, None), ('Nevado_de_Toluca', None, 4558.0, None, None, None), ('Norikura-dake', 'Hida-Gebirges', 3026.0, None, None, None), ('Ontake-San', None, 3067.0, None, None, None), ('Pico_de_Orizaba', None, 5636.0, None, None, None), ('Pico_Duarte', 'Zentralkordillere', 3098.0, None, -71.3, 18.3), ('Pik_Chan-Tengri', 'Tienshan', 7001.0, 1931, 80.0, 43.0), ('Pik_Karl-Marx', 'Pamir', 6726.0, 1946, 71.3, 38.0), ('Pik_Kommunismus', 'Pamir', 7494.0, 1933, 72.0, 39.0), ('Pik_Lenin', 'Tienshan', 7134.0, 1928, 72.55, 39.2), ('Pik_Moskwa', 'Pamir', 6785.0, None, 71.5, 39.0), ('Pik_Pobeda', 'Tienshan', 7439.0, 1938, 80.1, 42.0), ('Pik_Revoluzija', 'Pamir', 6974.0, 1954, 72.2, 38.3), ('Polvar', 'Sagrosgebirge', 4233.0, None, None, None), ('Popocatepetl', 'Sierra Volcania', 5426.0, None, None, None), ('Ras_Daschan', 'Amhara', 4550.0, None, 38.0, 13.0), ('Sabalan', 'Sagrosgebirge', 4811.0, None, 38.15, 47.49), ('Semeru', None, 3676.0, None, 113.0, -8.0), ('Tacana', None, 4060.0, None, None, None), ('Take-Yama', None, 3015.0, None, None, None), ('Towtschal', 'Sagrosgebirge', 3933.0, None, None, None), ('Jbel Toubkal', 'Atlas', 4167.0, None, -8.0, 31.0), ('Yari-ga-take', None, 3180.0, None, None, None), ('Kantschenz÷nga', 'Himalaya', 8586.0, 1955, None, None), ('Lhotse', 'Himalaya', 8516.0, 1956, None, None), ('Makalu', 'Himalaya', 8463.0, 1955, None, None), ('Cho_Oyu', 'Himalaya', 8201.0, 1954, None, None), ('Dhaulagiri', 'Himalaya', 8167.0, 1960, None, None), ('Manaslu', 'Himalaya', 8163.0, 1956, None, None), ('Nanga_Parbat', 'Himalaya', 8125.0, 1953, None, None), ('Annapurna', 'Himalaya', 8091.0, 1950, None, None), ('Hidden_Peak', 'Karakorum', 8068.0, 1958, None, None), ('Broad_Peak', 'Karakorum', 8047.0, 1957, None, None), ('Gasherbrum II', 'Karakorum', 8035.0, 1956, None, None), ('Shisha Pangma', 'Himalaya', 8046.0, 1964, None, None)]
[('A',), ('AC',), ('ADN',), ('AF',), ('AG',), ('AJ',), ('AL',), ('AM',), ('AN',), ('AO',), ('AR',), ('AS',), ('BA',), ('BD',), ('BDS',), ('BE',), ('BF',), ('BG',), ('BH',), ('BHU',), ('BIH',), ('BN',), ('BO',), ('BOL',), ('BR',), ('BRU',), ('BU',), ('BUR',), ('BY',), ('C',), ('CAM',), ('CDN',), ('CH',), ('CHI',), ('CI',), ('CL',), ('CO',), ('CR',), ('CY',), ('CZ',), ('D',), ('DARS',), ('DK',), ('DOM',), ('E',), ('EAK',), ('EAS',), ('EAT',), ('EAU',), ('EC',), ('ES',), ('EST',), ('ET',), ('ETH',), ('F',), ('FIJI',), ('FL',), ('FSM',), ('GAB',), ('GB',), ('GCA',), ('GH',), ('GR',), ('GUB',), ('GUI',), ('GUY',), ('H',), ('HON',), ('HR',), ('I',), ('IL',), ('IND',), ('IR',), ('IRL',), ('IRQ',), ('IS',), ('J',), ('JA',), ('JB',), ('JEM',), ('JOR',), ('KAP',), ('KIR',), ('KOM',), ('KSA',), ('KT',), ('L',), ('LAO',), ('LAR',), ('LB',), ('LS',), ('LT',), ('LV',), ('M',), ('MA',), ('MAR',), ('MC',), ('MD',), ('MEX',), ('MK',), ('MNE',), ('MON',), ('MOS',), ('MS',), ('MW',), ('MY',), ('N',), ('NAU',), ('NEP',), ('NIC',), ('NL',), ('NZ',), ('OMA',), ('P',), ('PA',), ('PAK',), ('PAL',), ('PE',), ('PI',), ('PL',), ('PNG',), ('PY',), ('Q',), ('RB',), ('RCA',), ('RCB',), ('RCH',), ('RD',), ('RGE',), ('RH',), ('RI',), ('RIM',), ('RL',), ('RM',), ('RMAL',), ('RMM',), ('RN',), ('RO',), ('ROC',), ('ROK',), ('RSA',), ('RSM',), ('RUS',), ('RWA',), ('S',), ('SAL',), ('SAO',), ('SCN',), ('SCV',), ('SD',), ('SF',), ('SGP',), ('SK',), ('SLO',), ('SME',), ('SN',), ('SP',), ('SWA',), ('SY',), ('SYR',), ('TCH',), ('TG',), ('THA',), ('TN',), ('TON',), ('TR',), ('TT',), ('TUV',), ('U',), ('UA',), ('UAE',), ('USA',), ('UV',), ('V',), ('VAN',), ('VN',), ('VRK',), ('WAG',), ('WAL',), ('WAN',), ('WD',), ('WG',), ('WL',), ('WS',), ('WV',), ('X',), ('YV',), ('Z',), ('ZRE',), ('ZW',)]
[(5, 'Erg_Igidi', 35000.0, 'Sandwueste'), (6, 'Erg_Rebiana', 6500.0, 'Sandwueste'), (7, 'Erg_Schesch', 45000.0, 'Sandwueste')]
[('Abidjan', 'CI', 'CI', 4395000, 53.0, -36.0), ('Aleppo', 'SYR', 'SYR', 4868000, 362.0, 371.0), ('Alexandria', 'ET', 'ET', 5200000, 310.0, 300.0), ('Amman', 'JOR', 'JOR', 4008000, 320.0, 355.2), ('Ankara', 'TR', 'TR', 5445000, 400.0, 320.0), ('Bagdad', 'IRQ', 'IRQ', 7665000, 332.0, 443.0), ('Bangalore', 'IND', 'KAR', 8426000, 130.0, 773.0), ('Bangkok', 'THA', 'THA', 8281000, 134.4, 1.003), ('Bogota', 'CO', 'CO', 8081000, 44.0, -740.0), ('Bombay', 'IND', 'MAH', 18410000, 190.0, 725.0), ('Calcutta', 'IND', 'WBE', 4497000, 222.0, 882.0), ('Changsha', 'VRC', 'HUN', 7432000, 281.0, 1.135), ('Chengdu', 'VRC', 'SIC', 14000000, 331.5, 1.071), ('Daressalam', 'EAT', 'EAT', 4365000, -64.0, 395.0), ('Delhi', 'IND', 'DEH', 18980000, 284.0, 771.0), ('Er_Riad', 'KSA', 'KSA', 5188000, 247.0, 468.0), ('Fuzhou', 'VRC', 'FUJ', 7660000, 260.0, 1.19), ('Hanoi', 'VN', 'VN', 7782000, 210.0, 1.055), ('Harbin', 'VRC', 'HEI', 4517549, 454.0, 1.264), ('Hefei', 'VRC', 'ANH', 7869000, 320.0, 1.17), ('Ho-Chi-Minh-Stadt', 'VN', 'VN', 8637000, 105.0, 1.065), ('Hyderabad', 'IND', 'ANP', 6810000, 171.0, 782.0), ('Jakarta', 'RI', 'RI', 9608000, -61.0, 1.065), ('Jinan', 'VRC', 'SHG', 6814000, 365.0, 1.17), ('Kabul', 'AFG', 'AFG', 4635000, 343.5, 695.0), ('Kairo', 'ET', 'ET', 19500000, 300.0, 312.0), ('Khartum', 'EAS', 'EAS', 8363915, 153.0, 324.0), ('Kinshasa', 'ZRE', 'ZRE', 11860000, -43.0, 152.0), ('Kunming', 'VRC', 'YUN', 6728000, 255.0, 1.024), ('Leningrad', 'RUS', 'RSF', 4991000, 595.8, 301.8), ('Lima', 'PE', 'PE', 8574974, -120.0, -770.0), ('London', 'GB', 'ENG', 8136000, 513.0, -0.5), ('Madras', 'IND', 'TAN', 4647000, 130.0, 801.0), ('Melbourne', 'AUS', 'VIC', 4443000, -374.0, 1.45), ('Mexico_City', 'MEX', 'DF', 8885000, 192.0, -991.0), ('Moskau', 'RUS', 'RSF', 11920000, 554.5, 373.4), ('Nanjing', 'VRC', 'JSU', 8335000, 325.0, 1.19), ('Nanning', 'VRC', 'GUA', 6914000, 225.0, 1.085), ('New_York', 'USA', 'NY', 8623000, 404.0, -740.0), ('Parana', 'RA', 'ENT', 11350000, -320.0, -600.0), ('Peking', 'VRC', 'PEK', 21540000, 395.0, 1.162), ('Puebla', 'MEX', 'PUE', 6169000, 190.0, -981.0), ('Quebec', 'CDN', 'PQ', 8390000, 465.0, -711.0), ('Rangoon', 'BUR', 'BUR', 5210000, 164.5, 962.0), ('Rio_de_Janeiro', 'BR', 'RIO', 6320000, -230.0, -432.0), ('Santiago', 'RCH', 'RCH', 5614000, -333.0, -705.0), ('Sao_Paulo', 'BR', 'SAO', 12180000, -234.0, -465.0), ('Seoul', 'ROK', 'ROK', 9766000, 374.0, 1.27), ('Shanghai', 'VRC', 'JSU', 26320000, 311.5, 1.213), ('Shenyang', 'VRC', 'LIA', 4642000, 420.0, 1.233), ('Singapur', 'SGP', 'SGP', 5612000, 12.9, 1.034), ('Sydney', 'AUS', 'NSW', 4627000, -335.3, 1.511), ('Taiyuan', 'VRC', 'SHX', 4201591, 380.0, 1.123), ('Teheran', 'IR', 'TEH', 8694000, 354.0, 513.0), ('Tokyo', 'J', 'J', 9273000, 354.5, 1.394), ('Wuhan', 'VRC', 'HUB', 10610000, 304.5, 1.141), ('Zhengzhou', 'VRC', 'HEN', 10120000, 345.0, 1.14)]
[('Aruwimi', 'Zaire', None, None, 1030, None, None, None, None)]
[('Aachen', 'D', 'NRW', 245885, 508.0, 61.0), ('Aschaffenburg', 'D', 'BAY', 173504, 480.0, 90.0), ('Augsburg', 'D', 'BAY', 286374, 483.0, 109.0), ('Bad_Hersfeld', 'D', 'HES', 29984, 500.0, 90.0), ('Bad_Toelz', 'D', 'BAY', 17652, 470.0, 110.0), ('Bautzen', 'D', 'SN', 40798, 512.0, 144.0), ('Berlin', 'D', 'B', 3575000, 523.0, 132.0), ('Bernburg', 'D', 'SA', 36105, 517.833, 117.333), ('Bochum', 'D', 'NRW', 364742, 515.0, 74.0), ('Bonn', 'D', 'NRW', 318809, 504.0, 75.0), ('Brandenburg', 'D', 'BRB', 72000, 524.0, 125.0), ('Bremen', 'D', 'HB', 557464, 537.0, 85.0), ('Bremerhafen', 'D', 'HB', 114025, 536.0, 85.0), ('Celle', 'D', 'NIE', 69001, 520.0, 100.0), ('Chemnitz', 'D', 'SN', 243521, 508.0, 129.0), ('Cottbus', 'D', 'BRB', 100416, 517.0, 143.0), ('Deggendorf', 'D', 'BAY', 117601, 480.0, 120.0), ('Dessau', 'D', 'SA', 82505, 518.0, 122.0), ('Dillingen', 'D', 'SAR', 94556, 490.0, 60.0), ('Donauwoerth', 'D', 'BAY', 18187, 480.0, 100.0), ('Dortmund', 'D', 'NRW', 585813, 516.0, 76.0), ('Dresden', 'D', 'SN', 543825, 511.0, 138.0), ('Duesseldorf', 'D', 'NRW', 612178, 511.0, 65.0), ('Duisburg', 'D', 'NRW', 491231, 510.0, 60.0), ('Eilenburg', 'D', 'SN', 17072, 510.0, 120.0), ('Emden', 'D', 'NIE', 50083, 510.0, 120.0), ('Emsdetten', 'D', 'NRW', 35668, 520.0, 70.0), ('Erfurt', 'D', 'TH', 210118, 510.0, 110.0), ('Essen', 'D', 'NRW', 582624, 516.0, 70.0), ('Flensburg', 'D', 'SWH', 85942, 540.0, 90.0), ('Forst', 'D', 'BRB', 21304, 510.0, 140.0), ('Frankfurt/M', 'D', 'HES', 736414, 510.0, 86.0), ('Frankfurt/O', 'D', 'BRB', 58193, 523.0, 141.0), ('Friedrichshafen', 'D', 'BAW', 56730, 470.0, 90.0), ('Fuerstenwalde', 'D', 'BRB', 32867, 520.0, 140.0), ('Fuessen', 'D', 'BAY', 14236, 470.0, 100.0), ('Fulda', 'D', 'HES', 221170, 500.0, 90.0), ('Goerlitz', 'D', 'SN', 55928, 512.0, 150.0), ('Goettingen', 'D', 'NIE', 118914, 516.0, 99.0), ('Grimma', 'D', 'SN', 19106, 510.0, 120.0), ('Halle', 'D', 'SA', 233705, 515.0, 120.0), ('Hamburg', 'D', 'HH', 1810000, 533.0, 100.0), ('Hameln', 'D', 'NIE', 57342, 520.0, 90.0), ('Hannover', 'D', 'NIE', 532163, 522.0, 94.0), ('Heilbronn', 'D', 'BAW', 122567, 480.0, 90.0), ('Hoexter', 'D', 'NRW', 31288, 510.0, 90.0), ('Ingolstadt', 'D', 'BAY', 132438, 480.0, 110.0), ('Jena', 'D', 'TH', 110321, 508.0, 117.0), ('Karlsruhe', 'D', 'BAW', 307755, 490.0, 84.0), ('Kassel', 'D', 'HES', 197984, 513.0, 95.0), ('Kempten', 'D', 'BAY', 67529, 470.0, 100.0), ('Kiel', 'D', 'SWH', 246306, 542.0, 107.0), ('Koblenz', 'D', 'RPF', 112586, 504.0, 75.0), ('Koeln', 'D', 'NRW', 1061000, 509.0, 69.0), ('Konstanz', 'D', 'BAW', 282191, 470.0, 90.0), ('Konz', 'D', 'RPF', 17892, 490.0, 60.0), ('Landsberg', 'D', 'BAY', 27712, 480.0, 100.0), ('Landshut', 'D', 'BAY', 71193, 485.0, 121.0), ('Leipzig', 'D', 'SN', 560472, 514.0, 123.0), ('Leverkusen', 'D', 'NRW', 163487, 510.0, 70.0), ('Lindau', 'D', 'BAW', 24673, 475.0, 96.0), ('Lingen', 'D', 'NIE', 52289, 520.0, 70.0), ('Ludwigshafen', 'D', 'RPF', 166621, 490.0, 80.0), ('Lutherstadt_Wittenberg', 'D', 'SA', 46276, 518.0, 127.0), ('Magdeburg', 'D', 'SA', 235723, 522.0, 117.0), ('Mainz', 'D', 'RPF', 209779, 500.0, 81.0), ('Mannheim', 'D', 'BAW', 305780, 490.0, 80.0), ('Meiningen', 'D', 'TH', 225350, 500.0, 100.0), ('Mei▀en', 'D', 'SN', 27736, 510.0, 130.0), ('Meppen', 'D', 'NIE', 34862, 520.0, 70.0), ('Merseburg', 'D', 'SA', 36075, 510.0, 110.0), ('Minden', 'D', 'NRW', 83307, 520.0, 80.0), ('Muehldorf', 'D', 'BAY', 17654, 480.0, 120.0), ('Muenchen', 'D', 'BAY', 1450000, 481.0, 113.0), ('M³nster', 'D', 'NRW', 310039, 500.0, 84.5), ('Neubrandenburg', 'D', 'MV', 79041, 536.0, 132.0), ('Neuburg', 'D', 'BAY', 29182, 487.0, 111.0), ('Nienburg', 'D', 'NIE', 30691, 520.0, 90.0), ('Nuernberg', 'D', 'BAY', 509975, 495.0, 110.0), ('Passau', 'D', 'BAY', 50798, 486.0, 135.0), ('Potsdam', 'D', 'BRB', 171810, 524.0, 131.0), ('Radebeul', 'D', 'SN', 33387, 510.0, 130.0), ('Rathenow', 'D', 'BRB', 25791, 520.0, 120.0), ('Regensburg', 'D', 'BAY', 145465, 490.0, 120.0), ('Rheine', 'D', 'NRW', 76530, 522.0, 74.0), ('Riedlingen', 'D', 'BAW', 10286, 481.0, 94.0), ('Riesa', 'D', 'SN', 34777, 513.0, 133.0), ('Rosenheim', 'D', 'BAY', 257466, 478.0, 121.0), ('Rostock', 'D', 'MV', 207513, 541.0, 121.0), ('Saarbruecken', 'D', 'SAR', 178151, 491.0, 66.0), ('Saarlouis', 'D', 'SAR', 37770, 490.0, 60.0), ('Schwedt', 'D', 'BRB', 35162, 531.0, 142.0), ('Schweinfurt', 'D', 'BAY', 106500, 500.0, 100.0), ('Schwerin', 'D', 'MV', 95668, 537.0, 114.0), ('Sigmaringen', 'D', 'BAW', 130275, 480.0, 91.0), ('Starnberg', 'D', 'BAY', 23223, 470.0, 110.0), ('Stralsund', 'D', 'MV', 59610, 543.0, 131.0), ('Straubing', 'D', 'BAY', 44496, 488.0, 125.0), ('Stuttgart', 'D', 'BAW', 628032, 487.0, 91.0), ('Torgau', 'D', 'SN', 20015, 510.0, 120.0), ('Trier', 'D', 'RPF', 114914, 497.0, 66.0), ('Tuebingen', 'D', 'BAW', 89011, 486.0, 90.0), ('Ulm', 'D', 'BAW', 122636, 483.0, 100.0), ('Voelklingen', 'D', 'SAR', 40086, 490.0, 60.0), ('Waldshut_Tiengen', 'D', 'BAW', 22729, 476.0, 82.0), ('Waren', 'D', 'MV', 21223, 530.0, 120.0), ('Warendorf', 'D', 'NRW', 38134, 510.0, 70.0), ('Weisenfels', 'D', 'SA', 33436, 512.0, 119.0), ('Wiesbaden', 'D', 'HES', 276218, 500.7, 81.7), ('Wilhelmshaven', 'D', 'NIE', 76293, 536.0, 81.0), ('Worms', 'D', 'RPF', 83000, 490.0, 80.0), ('Wuerzburg', 'D', 'BAY', 124873, 498.0, 99.0), ('Wurzen', 'D', 'SN', 16992, 514.0, 127.0), ('Zittau', 'D', 'SN', 28906, 508.0, 148.0)]
[(740,)]
[(193,)]
[(61,)]
[('Aachen', 'D', 'NRW', 245885, 508.0, 61.0)]
